[0.189s] Invoking command in '/home/auric/ros2_ws/TeleARM/build/TeleARM': CMAKE_PREFIX_PATH=${CMAKE_PREFIX_PATH}:/home/auric/ros2_ws/install/urdf_tutorial_r2d2:/home/auric/ros2_ws/install/py_pubsub:/opt/ros/humble /usr/bin/cmake --build /home/auric/ros2_ws/TeleARM/build/TeleARM -- -j16 -l16
[0.532s] Invoked command in '/home/auric/ros2_ws/TeleARM/build/TeleARM' returned '0': CMAKE_PREFIX_PATH=${CMAKE_PREFIX_PATH}:/home/auric/ros2_ws/install/urdf_tutorial_r2d2:/home/auric/ros2_ws/install/py_pubsub:/opt/ros/humble /usr/bin/cmake --build /home/auric/ros2_ws/TeleARM/build/TeleARM -- -j16 -l16
[0.623s] Invoking command in '/home/auric/ros2_ws/TeleARM/build/TeleARM': CMAKE_PREFIX_PATH=${CMAKE_PREFIX_PATH}:/home/auric/ros2_ws/install/urdf_tutorial_r2d2:/home/auric/ros2_ws/install/py_pubsub:/opt/ros/humble /usr/bin/cmake --install /home/auric/ros2_ws/TeleARM/build/TeleARM
[0.689s] -- Install configuration: ""
[0.691s] -- Up-to-date: /home/auric/ros2_ws/TeleARM/install/TeleARM/share/TeleARM/launch
[0.692s] -- Up-to-date: /home/auric/ros2_ws/TeleARM/install/TeleARM/share/TeleARM/launch/online_async_launch.py
[0.694s] -- Up-to-date: /home/auric/ros2_ws/TeleARM/install/TeleARM/share/TeleARM/launch/display.launch.py
[0.695s] -- Up-to-date: /home/auric/ros2_ws/TeleARM/install/TeleARM/share/TeleARM/launch/gazebo.launch.py
[0.696s] -- Up-to-date: /home/auric/ros2_ws/TeleARM/install/TeleARM/share/TeleARM/launch/mapper_params_online_async.yaml
[0.696s] -- Up-to-date: /home/auric/ros2_ws/TeleARM/install/TeleARM/share/TeleARM/launch/navigation.launch.py
[0.699s] -- Up-to-date: /home/auric/ros2_ws/TeleARM/install/TeleARM/share/TeleARM/launch/__pycache__
[0.701s] -- Up-to-date: /home/auric/ros2_ws/TeleARM/install/TeleARM/share/TeleARM/launch/__pycache__/gazebo.launch.cpython-310.pyc
[0.703s] -- Up-to-date: /home/auric/ros2_ws/TeleARM/install/TeleARM/share/TeleARM/urdf
[0.704s] -- Installing: /home/auric/ros2_ws/TeleARM/install/TeleARM/share/TeleARM/urdf/telearm.urdf.xacro
[0.705s] -- Up-to-date: /home/auric/ros2_ws/TeleARM/install/TeleARM/share/TeleARM/config
[0.705s] -- Up-to-date: /home/auric/ros2_ws/TeleARM/install/TeleARM/share/TeleARM/config/slam_config.rviz
[0.707s] -- Up-to-date: /home/auric/ros2_ws/TeleARM/install/TeleARM/share/TeleARM/config/diff_drive_controller.yaml
[0.709s] -- Up-to-date: /home/auric/ros2_ws/TeleARM/install/TeleARM/share/TeleARM/config/slam.rviz
[0.709s] -- Up-to-date: /home/auric/ros2_ws/TeleARM/install/TeleARM/share/TeleARM/config/nav2_params.yaml
[0.710s] -- Up-to-date: /home/auric/ros2_ws/TeleARM/install/TeleARM/share/TeleARM/meshes
[0.712s] -- Up-to-date: /home/auric/ros2_ws/TeleARM/install/TeleARM/share/TeleARM/meshes/body.STL
[0.713s] -- Up-to-date: /home/auric/ros2_ws/TeleARM/install/TeleARM/share/TeleARM/meshes/window.STL
[0.715s] -- Up-to-date: /home/auric/ros2_ws/TeleARM/install/TeleARM/share/TeleARM/meshes/.gitkeep
[0.715s] -- Up-to-date: /home/auric/ros2_ws/TeleARM/install/TeleARM/share/TeleARM/meshes/wheel.STL
[0.716s] -- Up-to-date: /home/auric/ros2_ws/TeleARM/install/TeleARM/share/TeleARM/worlds
[0.716s] -- Up-to-date: /home/auric/ros2_ws/TeleARM/install/TeleARM/share/TeleARM/worlds/storage_warehouse.world
[0.717s] -- Up-to-date: /home/auric/ros2_ws/TeleARM/install/TeleARM/share/TeleARM/rviz
[0.718s] -- Up-to-date: /home/auric/ros2_ws/TeleARM/install/TeleARM/share/TeleARM/rviz/telearm.rviz
[0.720s] -- Up-to-date: /home/auric/ros2_ws/TeleARM/install/TeleARM/lib/TeleARM/diff_drive_publisher.py
[0.720s] -- Up-to-date: /home/auric/ros2_ws/TeleARM/install/TeleARM/lib/TeleARM/cleanup_controller.py
[0.721s] -- Up-to-date: /home/auric/ros2_ws/TeleARM/install/TeleARM/lib/TeleARM/cmd_vel_relay.py
[0.722s] -- Up-to-date: /home/auric/ros2_ws/TeleARM/install/TeleARM/share/ament_index/resource_index/package_run_dependencies/TeleARM
[0.722s] -- Up-to-date: /home/auric/ros2_ws/TeleARM/install/TeleARM/share/ament_index/resource_index/parent_prefix_path/TeleARM
[0.722s] -- Up-to-date: /home/auric/ros2_ws/TeleARM/install/TeleARM/share/TeleARM/environment/ament_prefix_path.sh
[0.723s] -- Up-to-date: /home/auric/ros2_ws/TeleARM/install/TeleARM/share/TeleARM/environment/ament_prefix_path.dsv
[0.724s] -- Up-to-date: /home/auric/ros2_ws/TeleARM/install/TeleARM/share/TeleARM/environment/path.sh
[0.724s] -- Up-to-date: /home/auric/ros2_ws/TeleARM/install/TeleARM/share/TeleARM/environment/path.dsv
[0.724s] -- Up-to-date: /home/auric/ros2_ws/TeleARM/install/TeleARM/share/TeleARM/local_setup.bash
[0.725s] -- Up-to-date: /home/auric/ros2_ws/TeleARM/install/TeleARM/share/TeleARM/local_setup.sh
[0.725s] -- Up-to-date: /home/auric/ros2_ws/TeleARM/install/TeleARM/share/TeleARM/local_setup.zsh
[0.726s] -- Up-to-date: /home/auric/ros2_ws/TeleARM/install/TeleARM/share/TeleARM/local_setup.dsv
[0.726s] -- Installing: /home/auric/ros2_ws/TeleARM/install/TeleARM/share/TeleARM/package.dsv
[0.726s] -- Up-to-date: /home/auric/ros2_ws/TeleARM/install/TeleARM/share/ament_index/resource_index/packages/TeleARM
[0.727s] -- Up-to-date: /home/auric/ros2_ws/TeleARM/install/TeleARM/share/TeleARM/cmake/TeleARMConfig.cmake
[0.727s] -- Up-to-date: /home/auric/ros2_ws/TeleARM/install/TeleARM/share/TeleARM/cmake/TeleARMConfig-version.cmake
[0.727s] -- Up-to-date: /home/auric/ros2_ws/TeleARM/install/TeleARM/share/TeleARM/package.xml
[0.737s] Invoked command in '/home/auric/ros2_ws/TeleARM/build/TeleARM' returned '0': CMAKE_PREFIX_PATH=${CMAKE_PREFIX_PATH}:/home/auric/ros2_ws/install/urdf_tutorial_r2d2:/home/auric/ros2_ws/install/py_pubsub:/opt/ros/humble /usr/bin/cmake --install /home/auric/ros2_ws/TeleARM/build/TeleARM
