[0.368s] DEBUG:colcon:Command line arguments: ['/usr/bin/colcon', 'build', '--packages-select', 'TeleARM']
[0.369s] DEBUG:colcon:Parsed command line arguments: Namespace(log_base=None, log_level=None, verb_name='build', build_base='build', install_base='install', merge_install=False, symlink_install=False, test_result_base=None, continue_on_error=False, executor='parallel', parallel_workers=16, event_handlers=None, ignore_user_meta=False, metas=['./colcon.meta'], base_paths=['.'], packages_ignore=None, packages_ignore_regex=None, paths=None, packages_up_to=None, packages_up_to_regex=None, packages_above=None, packages_above_and_dependencies=None, packages_above_depth=None, packages_select_by_dep=None, packages_skip_by_dep=None, packages_skip_up_to=None, packages_select_build_failed=False, packages_skip_build_finished=False, packages_select_test_failures=False, packages_skip_test_passed=False, packages_select=['TeleARM'], packages_skip=None, packages_select_regex=None, packages_skip_regex=None, packages_start=None, packages_end=None, allow_overriding=[], cmake_args=None, cmake_target=None, cmake_target_skip_unavailable=False, cmake_clean_cache=False, cmake_clean_first=False, cmake_force_configure=False, ament_cmake_args=None, catkin_cmake_args=None, catkin_skip_building_tests=False, mixin_files=None, mixin=None, verb_parser=<colcon_mixin.mixin.mixin_argument.MixinArgumentDecorator object at 0x7c4cb2a53e50>, verb_extension=<colcon_core.verb.build.BuildVerb object at 0x7c4cb2a53850>, main=<bound method BuildVerb.main of <colcon_core.verb.build.BuildVerb object at 0x7c4cb2a53850>>, mixin_verb=('build',))
[0.426s] Level 1:colcon.colcon_core.package_discovery:discover_packages(colcon_meta) check parameters
[0.426s] Level 1:colcon.colcon_core.package_discovery:discover_packages(recursive) check parameters
[0.426s] Level 1:colcon.colcon_core.package_discovery:discover_packages(ignore) check parameters
[0.426s] Level 1:colcon.colcon_core.package_discovery:discover_packages(path) check parameters
[0.426s] Level 1:colcon.colcon_core.package_discovery:discover_packages(colcon_meta) discover
[0.427s] Level 1:colcon.colcon_core.package_discovery:discover_packages(recursive) discover
[0.427s] INFO:colcon.colcon_core.package_discovery:Crawling recursively for packages in '/home/auric/ros2_ws/TeleARM'
[0.427s] Level 1:colcon.colcon_core.package_identification:_identify(.) by extensions ['ignore', 'ignore_ament_install']
[0.427s] Level 1:colcon.colcon_core.package_identification:_identify(.) by extension 'ignore'
[0.427s] Level 1:colcon.colcon_core.package_identification:_identify(.) by extension 'ignore_ament_install'
[0.427s] Level 1:colcon.colcon_core.package_identification:_identify(.) by extensions ['colcon_pkg']
[0.427s] Level 1:colcon.colcon_core.package_identification:_identify(.) by extension 'colcon_pkg'
[0.427s] Level 1:colcon.colcon_core.package_identification:_identify(.) by extensions ['colcon_meta']
[0.427s] Level 1:colcon.colcon_core.package_identification:_identify(.) by extension 'colcon_meta'
[0.427s] Level 1:colcon.colcon_core.package_identification:_identify(.) by extensions ['ros']
[0.427s] Level 1:colcon.colcon_core.package_identification:_identify(.) by extension 'ros'
[0.452s] DEBUG:colcon.colcon_core.package_identification:Package '.' with type 'ros.ament_cmake' and name 'TeleARM'
[0.452s] Level 1:colcon.colcon_core.package_discovery:discover_packages(recursive) using defaults
[0.452s] Level 1:colcon.colcon_core.package_discovery:discover_packages(ignore) discover
[0.452s] Level 1:colcon.colcon_core.package_discovery:discover_packages(ignore) using defaults
[0.452s] Level 1:colcon.colcon_core.package_discovery:discover_packages(path) discover
[0.452s] Level 1:colcon.colcon_core.package_discovery:discover_packages(path) using defaults
[0.476s] Level 1:colcon.colcon_core.package_discovery:discover_packages(prefix_path) check parameters
[0.476s] Level 1:colcon.colcon_core.package_discovery:discover_packages(prefix_path) discover
[0.478s] DEBUG:colcon.colcon_installed_package_information.package_discovery:Found 1 installed packages in /home/auric/ros2_ws/TeleARM/install
[0.479s] DEBUG:colcon.colcon_installed_package_information.package_discovery:Found 8 installed packages in /home/auric/ros2_ws/install
[0.482s] DEBUG:colcon.colcon_installed_package_information.package_discovery:Found 425 installed packages in /opt/ros/humble
[0.485s] Level 1:colcon.colcon_core.package_discovery:discover_packages(prefix_path) using defaults
[0.558s] Level 5:colcon.colcon_core.verb:set package 'TeleARM' build argument 'cmake_args' from command line to 'None'
[0.558s] Level 5:colcon.colcon_core.verb:set package 'TeleARM' build argument 'cmake_target' from command line to 'None'
[0.558s] Level 5:colcon.colcon_core.verb:set package 'TeleARM' build argument 'cmake_target_skip_unavailable' from command line to 'False'
[0.558s] Level 5:colcon.colcon_core.verb:set package 'TeleARM' build argument 'cmake_clean_cache' from command line to 'False'
[0.558s] Level 5:colcon.colcon_core.verb:set package 'TeleARM' build argument 'cmake_clean_first' from command line to 'False'
[0.558s] Level 5:colcon.colcon_core.verb:set package 'TeleARM' build argument 'cmake_force_configure' from command line to 'False'
[0.558s] Level 5:colcon.colcon_core.verb:set package 'TeleARM' build argument 'ament_cmake_args' from command line to 'None'
[0.558s] Level 5:colcon.colcon_core.verb:set package 'TeleARM' build argument 'catkin_cmake_args' from command line to 'None'
[0.558s] Level 5:colcon.colcon_core.verb:set package 'TeleARM' build argument 'catkin_skip_building_tests' from command line to 'False'
[0.558s] DEBUG:colcon.colcon_core.verb:Building package 'TeleARM' with the following arguments: {'ament_cmake_args': None, 'build_base': '/home/auric/ros2_ws/TeleARM/build/TeleARM', 'catkin_cmake_args': None, 'catkin_skip_building_tests': False, 'cmake_args': None, 'cmake_clean_cache': False, 'cmake_clean_first': False, 'cmake_force_configure': False, 'cmake_target': None, 'cmake_target_skip_unavailable': False, 'install_base': '/home/auric/ros2_ws/TeleARM/install/TeleARM', 'merge_install': False, 'path': '/home/auric/ros2_ws/TeleARM', 'symlink_install': False, 'test_result_base': None}
[0.558s] INFO:colcon.colcon_core.executor:Executing jobs using 'parallel' executor
[0.560s] DEBUG:colcon.colcon_parallel_executor.executor.parallel:run_until_complete
[0.560s] INFO:colcon.colcon_ros.task.ament_cmake.build:Building ROS package in '/home/auric/ros2_ws/TeleARM' with build type 'ament_cmake'
[0.560s] INFO:colcon.colcon_cmake.task.cmake.build:Building CMake package in '/home/auric/ros2_ws/TeleARM'
[0.562s] INFO:colcon.colcon_core.plugin_system:Skipping extension 'colcon_core.shell.bat': Not used on non-Windows systems
[0.562s] INFO:colcon.colcon_core.shell:Skip shell extension 'powershell' for command environment: Not usable outside of PowerShell
[0.563s] DEBUG:colcon.colcon_core.shell:Skip shell extension 'dsv' for command environment
[0.591s] DEBUG:colcon.colcon_core.event_handler.log_command:Invoking command in '/home/auric/ros2_ws/TeleARM/build/TeleARM': CMAKE_PREFIX_PATH=${CMAKE_PREFIX_PATH}:/home/auric/ros2_ws/install/urdf_tutorial_r2d2:/home/auric/ros2_ws/install/py_pubsub:/opt/ros/humble /usr/bin/cmake --build /home/auric/ros2_ws/TeleARM/build/TeleARM -- -j16 -l16
[0.660s] DEBUG:colcon.colcon_core.event_handler.log_command:Invoked command in '/home/auric/ros2_ws/TeleARM/build/TeleARM' returned '0': CMAKE_PREFIX_PATH=${CMAKE_PREFIX_PATH}:/home/auric/ros2_ws/install/urdf_tutorial_r2d2:/home/auric/ros2_ws/install/py_pubsub:/opt/ros/humble /usr/bin/cmake --build /home/auric/ros2_ws/TeleARM/build/TeleARM -- -j16 -l16
[0.674s] DEBUG:colcon.colcon_core.event_handler.log_command:Invoking command in '/home/auric/ros2_ws/TeleARM/build/TeleARM': CMAKE_PREFIX_PATH=${CMAKE_PREFIX_PATH}:/home/auric/ros2_ws/install/urdf_tutorial_r2d2:/home/auric/ros2_ws/install/py_pubsub:/opt/ros/humble /usr/bin/cmake --install /home/auric/ros2_ws/TeleARM/build/TeleARM
[0.689s] Level 1:colcon.colcon_core.environment:create_environment_scripts_only(TeleARM)
[0.696s] DEBUG:colcon.colcon_core.event_handler.log_command:Invoked command in '/home/auric/ros2_ws/TeleARM/build/TeleARM' returned '0': CMAKE_PREFIX_PATH=${CMAKE_PREFIX_PATH}:/home/auric/ros2_ws/install/urdf_tutorial_r2d2:/home/auric/ros2_ws/install/py_pubsub:/opt/ros/humble /usr/bin/cmake --install /home/auric/ros2_ws/TeleARM/build/TeleARM
[0.698s] Level 1:colcon.colcon_core.environment:checking '/home/auric/ros2_ws/TeleARM/install/TeleARM' for CMake module files
[0.699s] Level 1:colcon.colcon_core.environment:checking '/home/auric/ros2_ws/TeleARM/install/TeleARM' for CMake config files
[0.701s] Level 1:colcon.colcon_core.shell:create_environment_hook('TeleARM', 'cmake_prefix_path')
[0.702s] INFO:colcon.colcon_core.shell:Creating environment hook '/home/auric/ros2_ws/TeleARM/install/TeleARM/share/TeleARM/hook/cmake_prefix_path.ps1'
[0.703s] INFO:colcon.colcon_core.shell:Creating environment descriptor '/home/auric/ros2_ws/TeleARM/install/TeleARM/share/TeleARM/hook/cmake_prefix_path.dsv'
[0.704s] INFO:colcon.colcon_core.shell:Creating environment hook '/home/auric/ros2_ws/TeleARM/install/TeleARM/share/TeleARM/hook/cmake_prefix_path.sh'
[0.706s] Level 1:colcon.colcon_core.environment:checking '/home/auric/ros2_ws/TeleARM/install/TeleARM/lib'
[0.706s] Level 1:colcon.colcon_core.environment:checking '/home/auric/ros2_ws/TeleARM/install/TeleARM/bin'
[0.706s] Level 1:colcon.colcon_core.environment:checking '/home/auric/ros2_ws/TeleARM/install/TeleARM/lib/pkgconfig/TeleARM.pc'
[0.706s] Level 1:colcon.colcon_core.environment:checking '/home/auric/ros2_ws/TeleARM/install/TeleARM/lib/python3.10/site-packages'
[0.707s] Level 1:colcon.colcon_core.environment:checking '/home/auric/ros2_ws/TeleARM/install/TeleARM/bin'
[0.707s] INFO:colcon.colcon_core.shell:Creating package script '/home/auric/ros2_ws/TeleARM/install/TeleARM/share/TeleARM/package.ps1'
[0.709s] INFO:colcon.colcon_core.shell:Creating package descriptor '/home/auric/ros2_ws/TeleARM/install/TeleARM/share/TeleARM/package.dsv'
[0.710s] INFO:colcon.colcon_core.shell:Creating package script '/home/auric/ros2_ws/TeleARM/install/TeleARM/share/TeleARM/package.sh'
[0.711s] INFO:colcon.colcon_core.shell:Creating package script '/home/auric/ros2_ws/TeleARM/install/TeleARM/share/TeleARM/package.bash'
[0.713s] INFO:colcon.colcon_core.shell:Creating package script '/home/auric/ros2_ws/TeleARM/install/TeleARM/share/TeleARM/package.zsh'
[0.714s] Level 1:colcon.colcon_core.environment:create_file_with_runtime_dependencies(/home/auric/ros2_ws/TeleARM/install/TeleARM/share/colcon-core/packages/TeleARM)
[0.715s] Level 1:colcon.colcon_core.environment:create_environment_scripts_only(TeleARM)
[0.715s] Level 1:colcon.colcon_core.environment:checking '/home/auric/ros2_ws/TeleARM/install/TeleARM' for CMake module files
[0.716s] Level 1:colcon.colcon_core.environment:checking '/home/auric/ros2_ws/TeleARM/install/TeleARM' for CMake config files
[0.716s] Level 1:colcon.colcon_core.shell:create_environment_hook('TeleARM', 'cmake_prefix_path')
[0.716s] INFO:colcon.colcon_core.shell:Creating environment hook '/home/auric/ros2_ws/TeleARM/install/TeleARM/share/TeleARM/hook/cmake_prefix_path.ps1'
[0.717s] INFO:colcon.colcon_core.shell:Creating environment descriptor '/home/auric/ros2_ws/TeleARM/install/TeleARM/share/TeleARM/hook/cmake_prefix_path.dsv'
[0.717s] INFO:colcon.colcon_core.shell:Creating environment hook '/home/auric/ros2_ws/TeleARM/install/TeleARM/share/TeleARM/hook/cmake_prefix_path.sh'
[0.718s] Level 1:colcon.colcon_core.environment:checking '/home/auric/ros2_ws/TeleARM/install/TeleARM/lib'
[0.718s] Level 1:colcon.colcon_core.environment:checking '/home/auric/ros2_ws/TeleARM/install/TeleARM/bin'
[0.718s] Level 1:colcon.colcon_core.environment:checking '/home/auric/ros2_ws/TeleARM/install/TeleARM/lib/pkgconfig/TeleARM.pc'
[0.719s] Level 1:colcon.colcon_core.environment:checking '/home/auric/ros2_ws/TeleARM/install/TeleARM/lib/python3.10/site-packages'
[0.719s] Level 1:colcon.colcon_core.environment:checking '/home/auric/ros2_ws/TeleARM/install/TeleARM/bin'
[0.720s] INFO:colcon.colcon_core.shell:Creating package script '/home/auric/ros2_ws/TeleARM/install/TeleARM/share/TeleARM/package.ps1'
[0.722s] INFO:colcon.colcon_core.shell:Creating package descriptor '/home/auric/ros2_ws/TeleARM/install/TeleARM/share/TeleARM/package.dsv'
[0.722s] INFO:colcon.colcon_core.shell:Creating package script '/home/auric/ros2_ws/TeleARM/install/TeleARM/share/TeleARM/package.sh'
[0.723s] INFO:colcon.colcon_core.shell:Creating package script '/home/auric/ros2_ws/TeleARM/install/TeleARM/share/TeleARM/package.bash'
[0.724s] INFO:colcon.colcon_core.shell:Creating package script '/home/auric/ros2_ws/TeleARM/install/TeleARM/share/TeleARM/package.zsh'
[0.724s] Level 1:colcon.colcon_core.environment:create_file_with_runtime_dependencies(/home/auric/ros2_ws/TeleARM/install/TeleARM/share/colcon-core/packages/TeleARM)
[0.725s] DEBUG:colcon.colcon_parallel_executor.executor.parallel:closing loop
[0.726s] DEBUG:colcon.colcon_parallel_executor.executor.parallel:loop closed
[0.726s] DEBUG:colcon.colcon_parallel_executor.executor.parallel:run_until_complete finished with '0'
[0.727s] DEBUG:colcon.colcon_core.event_reactor:joining thread
[0.814s] INFO:colcon.colcon_core.plugin_system:Skipping extension 'colcon_notification.desktop_notification.notify_send': Could not find 'notify-send'
[0.814s] INFO:colcon.colcon_core.plugin_system:Skipping extension 'colcon_notification.desktop_notification.terminal_notifier': Not used on non-Darwin systems
[0.814s] INFO:colcon.colcon_core.plugin_system:Skipping extension 'colcon_notification.desktop_notification.win32': Not used on non-Windows systems
[0.814s] INFO:colcon.colcon_notification.desktop_notification:Sending desktop notification using 'notify2'
[0.814s] DEBUG:colcon.colcon_notification.desktop_notification.notify2:Failed to initialize notify2: org.freedesktop.DBus.Error.FileNotFound: Failed to connect to socket /run/user/1000/bus: No such file or directory
[0.815s] DEBUG:colcon.colcon_core.event_reactor:joined thread
[0.815s] INFO:colcon.colcon_core.shell:Creating prefix script '/home/auric/ros2_ws/TeleARM/install/local_setup.ps1'
[0.816s] INFO:colcon.colcon_core.shell:Creating prefix util module '/home/auric/ros2_ws/TeleARM/install/_local_setup_util_ps1.py'
[0.817s] INFO:colcon.colcon_core.shell:Creating prefix chain script '/home/auric/ros2_ws/TeleARM/install/setup.ps1'
[0.819s] INFO:colcon.colcon_core.shell:Creating prefix script '/home/auric/ros2_ws/TeleARM/install/local_setup.sh'
[0.820s] INFO:colcon.colcon_core.shell:Creating prefix util module '/home/auric/ros2_ws/TeleARM/install/_local_setup_util_sh.py'
[0.822s] INFO:colcon.colcon_core.shell:Creating prefix chain script '/home/auric/ros2_ws/TeleARM/install/setup.sh'
[0.825s] INFO:colcon.colcon_core.shell:Creating prefix script '/home/auric/ros2_ws/TeleARM/install/local_setup.bash'
[0.826s] INFO:colcon.colcon_core.shell:Creating prefix chain script '/home/auric/ros2_ws/TeleARM/install/setup.bash'
[0.829s] INFO:colcon.colcon_core.shell:Creating prefix script '/home/auric/ros2_ws/TeleARM/install/local_setup.zsh'
[0.829s] INFO:colcon.colcon_core.shell:Creating prefix chain script '/home/auric/ros2_ws/TeleARM/install/setup.zsh'
