[0.573s] DEBUG:colcon:Command line arguments: ['/usr/bin/colcon', 'build', '--packages-select', 'TeleARM', '--symlink-install']
[0.573s] DEBUG:colcon:Parsed command line arguments: Namespace(log_base=None, log_level=None, verb_name='build', build_base='build', install_base='install', merge_install=False, symlink_install=True, test_result_base=None, continue_on_error=False, executor='parallel', parallel_workers=16, event_handlers=None, ignore_user_meta=False, metas=['./colcon.meta'], base_paths=['.'], packages_ignore=None, packages_ignore_regex=None, paths=None, packages_up_to=None, packages_up_to_regex=None, packages_above=None, packages_above_and_dependencies=None, packages_above_depth=None, packages_select_by_dep=None, packages_skip_by_dep=None, packages_skip_up_to=None, packages_select_build_failed=False, packages_skip_build_finished=False, packages_select_test_failures=False, packages_skip_test_passed=False, packages_select=['TeleARM'], packages_skip=None, packages_select_regex=None, packages_skip_regex=None, packages_start=None, packages_end=None, allow_overriding=[], cmake_args=None, cmake_target=None, cmake_target_skip_unavailable=False, cmake_clean_cache=False, cmake_clean_first=False, cmake_force_configure=False, ament_cmake_args=None, catkin_cmake_args=None, catkin_skip_building_tests=False, mixin_files=None, mixin=None, verb_parser=<colcon_mixin.mixin.mixin_argument.MixinArgumentDecorator object at 0x7f06ded538e0>, verb_extension=<colcon_core.verb.build.BuildVerb object at 0x7f06ded532e0>, main=<bound method BuildVerb.main of <colcon_core.verb.build.BuildVerb object at 0x7f06ded532e0>>, mixin_verb=('build',))
[0.772s] Level 1:colcon.colcon_core.package_discovery:discover_packages(colcon_meta) check parameters
[0.773s] Level 1:colcon.colcon_core.package_discovery:discover_packages(recursive) check parameters
[0.773s] Level 1:colcon.colcon_core.package_discovery:discover_packages(ignore) check parameters
[0.773s] Level 1:colcon.colcon_core.package_discovery:discover_packages(path) check parameters
[0.773s] Level 1:colcon.colcon_core.package_discovery:discover_packages(colcon_meta) discover
[0.773s] Level 1:colcon.colcon_core.package_discovery:discover_packages(recursive) discover
[0.773s] INFO:colcon.colcon_core.package_discovery:Crawling recursively for packages in '/home/auric/ros2_ws/TeleARM'
[0.774s] Level 1:colcon.colcon_core.package_identification:_identify(.) by extensions ['ignore', 'ignore_ament_install']
[0.775s] Level 1:colcon.colcon_core.package_identification:_identify(.) by extension 'ignore'
[0.775s] Level 1:colcon.colcon_core.package_identification:_identify(.) by extension 'ignore_ament_install'
[0.776s] Level 1:colcon.colcon_core.package_identification:_identify(.) by extensions ['colcon_pkg']
[0.776s] Level 1:colcon.colcon_core.package_identification:_identify(.) by extension 'colcon_pkg'
[0.776s] Level 1:colcon.colcon_core.package_identification:_identify(.) by extensions ['colcon_meta']
[0.777s] Level 1:colcon.colcon_core.package_identification:_identify(.) by extension 'colcon_meta'
[0.777s] Level 1:colcon.colcon_core.package_identification:_identify(.) by extensions ['ros']
[0.777s] Level 1:colcon.colcon_core.package_identification:_identify(.) by extension 'ros'
[0.823s] DEBUG:colcon.colcon_core.package_identification:Package '.' with type 'ros.ament_cmake' and name 'TeleARM'
[0.824s] Level 1:colcon.colcon_core.package_discovery:discover_packages(recursive) using defaults
[0.824s] Level 1:colcon.colcon_core.package_discovery:discover_packages(ignore) discover
[0.824s] Level 1:colcon.colcon_core.package_discovery:discover_packages(ignore) using defaults
[0.824s] Level 1:colcon.colcon_core.package_discovery:discover_packages(path) discover
[0.824s] Level 1:colcon.colcon_core.package_discovery:discover_packages(path) using defaults
[0.894s] Level 1:colcon.colcon_core.package_discovery:discover_packages(prefix_path) check parameters
[0.895s] Level 1:colcon.colcon_core.package_discovery:discover_packages(prefix_path) discover
[0.902s] DEBUG:colcon.colcon_installed_package_information.package_discovery:Found 1 installed packages in /home/auric/ros2_ws/TeleARM/install
[0.908s] DEBUG:colcon.colcon_installed_package_information.package_discovery:Found 425 installed packages in /opt/ros/humble
[0.914s] Level 1:colcon.colcon_core.package_discovery:discover_packages(prefix_path) using defaults
[1.050s] Level 5:colcon.colcon_core.verb:set package 'TeleARM' build argument 'cmake_args' from command line to 'None'
[1.050s] Level 5:colcon.colcon_core.verb:set package 'TeleARM' build argument 'cmake_target' from command line to 'None'
[1.050s] Level 5:colcon.colcon_core.verb:set package 'TeleARM' build argument 'cmake_target_skip_unavailable' from command line to 'False'
[1.050s] Level 5:colcon.colcon_core.verb:set package 'TeleARM' build argument 'cmake_clean_cache' from command line to 'False'
[1.050s] Level 5:colcon.colcon_core.verb:set package 'TeleARM' build argument 'cmake_clean_first' from command line to 'False'
[1.050s] Level 5:colcon.colcon_core.verb:set package 'TeleARM' build argument 'cmake_force_configure' from command line to 'False'
[1.050s] Level 5:colcon.colcon_core.verb:set package 'TeleARM' build argument 'ament_cmake_args' from command line to 'None'
[1.050s] Level 5:colcon.colcon_core.verb:set package 'TeleARM' build argument 'catkin_cmake_args' from command line to 'None'
[1.050s] Level 5:colcon.colcon_core.verb:set package 'TeleARM' build argument 'catkin_skip_building_tests' from command line to 'False'
[1.050s] DEBUG:colcon.colcon_core.verb:Building package 'TeleARM' with the following arguments: {'ament_cmake_args': None, 'build_base': '/home/auric/ros2_ws/TeleARM/build/TeleARM', 'catkin_cmake_args': None, 'catkin_skip_building_tests': False, 'cmake_args': None, 'cmake_clean_cache': False, 'cmake_clean_first': False, 'cmake_force_configure': False, 'cmake_target': None, 'cmake_target_skip_unavailable': False, 'install_base': '/home/auric/ros2_ws/TeleARM/install/TeleARM', 'merge_install': False, 'path': '/home/auric/ros2_ws/TeleARM', 'symlink_install': True, 'test_result_base': None}
[1.051s] INFO:colcon.colcon_core.executor:Executing jobs using 'parallel' executor
[1.053s] DEBUG:colcon.colcon_parallel_executor.executor.parallel:run_until_complete
[1.054s] INFO:colcon.colcon_ros.task.ament_cmake.build:Building ROS package in '/home/auric/ros2_ws/TeleARM' with build type 'ament_cmake'
[1.055s] INFO:colcon.colcon_cmake.task.cmake.build:Building CMake package in '/home/auric/ros2_ws/TeleARM'
[1.065s] INFO:colcon.colcon_core.plugin_system:Skipping extension 'colcon_core.shell.bat': Not used on non-Windows systems
[1.066s] INFO:colcon.colcon_core.shell:Skip shell extension 'powershell' for command environment: Not usable outside of PowerShell
[1.066s] DEBUG:colcon.colcon_core.shell:Skip shell extension 'dsv' for command environment
[1.121s] DEBUG:colcon.colcon_core.event_handler.log_command:Invoking command in '/home/auric/ros2_ws/TeleARM/build/TeleARM': CMAKE_PREFIX_PATH=${CMAKE_PREFIX_PATH}:/opt/ros/humble /usr/bin/cmake /home/auric/ros2_ws/TeleARM -DAMENT_CMAKE_SYMLINK_INSTALL=1 -DCMAKE_INSTALL_PREFIX=/home/auric/ros2_ws/TeleARM/install/TeleARM
[4.690s] DEBUG:colcon.colcon_core.event_handler.log_command:Invoked command in '/home/auric/ros2_ws/TeleARM/build/TeleARM' returned '0': CMAKE_PREFIX_PATH=${CMAKE_PREFIX_PATH}:/opt/ros/humble /usr/bin/cmake /home/auric/ros2_ws/TeleARM -DAMENT_CMAKE_SYMLINK_INSTALL=1 -DCMAKE_INSTALL_PREFIX=/home/auric/ros2_ws/TeleARM/install/TeleARM
[4.693s] DEBUG:colcon.colcon_core.event_handler.log_command:Invoking command in '/home/auric/ros2_ws/TeleARM/build/TeleARM': CMAKE_PREFIX_PATH=${CMAKE_PREFIX_PATH}:/opt/ros/humble /usr/bin/cmake --build /home/auric/ros2_ws/TeleARM/build/TeleARM -- -j16 -l16
[4.953s] DEBUG:colcon.colcon_core.event_handler.log_command:Invoked command in '/home/auric/ros2_ws/TeleARM/build/TeleARM' returned '0': CMAKE_PREFIX_PATH=${CMAKE_PREFIX_PATH}:/opt/ros/humble /usr/bin/cmake --build /home/auric/ros2_ws/TeleARM/build/TeleARM -- -j16 -l16
[5.014s] DEBUG:colcon.colcon_core.event_handler.log_command:Invoking command in '/home/auric/ros2_ws/TeleARM/build/TeleARM': CMAKE_PREFIX_PATH=${CMAKE_PREFIX_PATH}:/opt/ros/humble /usr/bin/cmake --install /home/auric/ros2_ws/TeleARM/build/TeleARM
[5.254s] Level 1:colcon.colcon_core.environment:create_environment_scripts_only(TeleARM)
[5.260s] DEBUG:colcon.colcon_core.event_handler.log_command:Invoked command in '/home/auric/ros2_ws/TeleARM/build/TeleARM' returned '0': CMAKE_PREFIX_PATH=${CMAKE_PREFIX_PATH}:/opt/ros/humble /usr/bin/cmake --install /home/auric/ros2_ws/TeleARM/build/TeleARM
[5.284s] Level 1:colcon.colcon_core.environment:checking '/home/auric/ros2_ws/TeleARM/install/TeleARM' for CMake module files
[5.287s] Level 1:colcon.colcon_core.environment:checking '/home/auric/ros2_ws/TeleARM/install/TeleARM' for CMake config files
[5.292s] Level 1:colcon.colcon_core.shell:create_environment_hook('TeleARM', 'cmake_prefix_path')
[5.293s] INFO:colcon.colcon_core.shell:Creating environment hook '/home/auric/ros2_ws/TeleARM/install/TeleARM/share/TeleARM/hook/cmake_prefix_path.ps1'
[5.297s] INFO:colcon.colcon_core.shell:Creating environment descriptor '/home/auric/ros2_ws/TeleARM/install/TeleARM/share/TeleARM/hook/cmake_prefix_path.dsv'
[5.300s] INFO:colcon.colcon_core.shell:Creating environment hook '/home/auric/ros2_ws/TeleARM/install/TeleARM/share/TeleARM/hook/cmake_prefix_path.sh'
[5.306s] Level 1:colcon.colcon_core.environment:checking '/home/auric/ros2_ws/TeleARM/install/TeleARM/lib'
[5.308s] Level 1:colcon.colcon_core.environment:checking '/home/auric/ros2_ws/TeleARM/install/TeleARM/bin'
[5.308s] Level 1:colcon.colcon_core.environment:checking '/home/auric/ros2_ws/TeleARM/install/TeleARM/lib/pkgconfig/TeleARM.pc'
[5.309s] Level 1:colcon.colcon_core.environment:checking '/home/auric/ros2_ws/TeleARM/install/TeleARM/lib/python3.10/site-packages'
[5.312s] Level 1:colcon.colcon_core.environment:checking '/home/auric/ros2_ws/TeleARM/install/TeleARM/bin'
[5.314s] INFO:colcon.colcon_core.shell:Creating package script '/home/auric/ros2_ws/TeleARM/install/TeleARM/share/TeleARM/package.ps1'
[5.324s] INFO:colcon.colcon_core.shell:Creating package descriptor '/home/auric/ros2_ws/TeleARM/install/TeleARM/share/TeleARM/package.dsv'
[5.329s] INFO:colcon.colcon_core.shell:Creating package script '/home/auric/ros2_ws/TeleARM/install/TeleARM/share/TeleARM/package.sh'
[5.334s] INFO:colcon.colcon_core.shell:Creating package script '/home/auric/ros2_ws/TeleARM/install/TeleARM/share/TeleARM/package.bash'
[5.342s] INFO:colcon.colcon_core.shell:Creating package script '/home/auric/ros2_ws/TeleARM/install/TeleARM/share/TeleARM/package.zsh'
[5.348s] Level 1:colcon.colcon_core.environment:create_file_with_runtime_dependencies(/home/auric/ros2_ws/TeleARM/install/TeleARM/share/colcon-core/packages/TeleARM)
[5.352s] Level 1:colcon.colcon_core.environment:create_environment_scripts_only(TeleARM)
[5.355s] Level 1:colcon.colcon_core.environment:checking '/home/auric/ros2_ws/TeleARM/install/TeleARM' for CMake module files
[5.360s] Level 1:colcon.colcon_core.environment:checking '/home/auric/ros2_ws/TeleARM/install/TeleARM' for CMake config files
[5.363s] Level 1:colcon.colcon_core.shell:create_environment_hook('TeleARM', 'cmake_prefix_path')
[5.364s] INFO:colcon.colcon_core.shell:Creating environment hook '/home/auric/ros2_ws/TeleARM/install/TeleARM/share/TeleARM/hook/cmake_prefix_path.ps1'
[5.368s] INFO:colcon.colcon_core.shell:Creating environment descriptor '/home/auric/ros2_ws/TeleARM/install/TeleARM/share/TeleARM/hook/cmake_prefix_path.dsv'
[5.372s] INFO:colcon.colcon_core.shell:Creating environment hook '/home/auric/ros2_ws/TeleARM/install/TeleARM/share/TeleARM/hook/cmake_prefix_path.sh'
[5.376s] Level 1:colcon.colcon_core.environment:checking '/home/auric/ros2_ws/TeleARM/install/TeleARM/lib'
[5.377s] Level 1:colcon.colcon_core.environment:checking '/home/auric/ros2_ws/TeleARM/install/TeleARM/bin'
[5.377s] Level 1:colcon.colcon_core.environment:checking '/home/auric/ros2_ws/TeleARM/install/TeleARM/lib/pkgconfig/TeleARM.pc'
[5.380s] Level 1:colcon.colcon_core.environment:checking '/home/auric/ros2_ws/TeleARM/install/TeleARM/lib/python3.10/site-packages'
[5.383s] Level 1:colcon.colcon_core.environment:checking '/home/auric/ros2_ws/TeleARM/install/TeleARM/bin'
[5.384s] INFO:colcon.colcon_core.shell:Creating package script '/home/auric/ros2_ws/TeleARM/install/TeleARM/share/TeleARM/package.ps1'
[5.389s] INFO:colcon.colcon_core.shell:Creating package descriptor '/home/auric/ros2_ws/TeleARM/install/TeleARM/share/TeleARM/package.dsv'
[5.393s] INFO:colcon.colcon_core.shell:Creating package script '/home/auric/ros2_ws/TeleARM/install/TeleARM/share/TeleARM/package.sh'
[5.397s] INFO:colcon.colcon_core.shell:Creating package script '/home/auric/ros2_ws/TeleARM/install/TeleARM/share/TeleARM/package.bash'
[5.400s] INFO:colcon.colcon_core.shell:Creating package script '/home/auric/ros2_ws/TeleARM/install/TeleARM/share/TeleARM/package.zsh'
[5.403s] Level 1:colcon.colcon_core.environment:create_file_with_runtime_dependencies(/home/auric/ros2_ws/TeleARM/install/TeleARM/share/colcon-core/packages/TeleARM)
[5.405s] DEBUG:colcon.colcon_parallel_executor.executor.parallel:closing loop
[5.409s] DEBUG:colcon.colcon_parallel_executor.executor.parallel:loop closed
[5.409s] DEBUG:colcon.colcon_parallel_executor.executor.parallel:run_until_complete finished with '0'
[5.410s] DEBUG:colcon.colcon_core.event_reactor:joining thread
[5.812s] INFO:colcon.colcon_core.plugin_system:Skipping extension 'colcon_notification.desktop_notification.notify_send': Could not find 'notify-send'
[5.813s] INFO:colcon.colcon_core.plugin_system:Skipping extension 'colcon_notification.desktop_notification.terminal_notifier': Not used on non-Darwin systems
[5.813s] INFO:colcon.colcon_core.plugin_system:Skipping extension 'colcon_notification.desktop_notification.win32': Not used on non-Windows systems
[5.814s] INFO:colcon.colcon_notification.desktop_notification:Sending desktop notification using 'notify2'
[5.815s] DEBUG:colcon.colcon_notification.desktop_notification.notify2:Failed to initialize notify2: org.freedesktop.DBus.Error.FileNotFound: Failed to connect to socket /run/user/1000/bus: No such file or directory
[5.816s] DEBUG:colcon.colcon_core.event_reactor:joined thread
[5.817s] INFO:colcon.colcon_core.shell:Creating prefix script '/home/auric/ros2_ws/TeleARM/install/local_setup.ps1'
[5.822s] INFO:colcon.colcon_core.shell:Creating prefix util module '/home/auric/ros2_ws/TeleARM/install/_local_setup_util_ps1.py'
[5.831s] INFO:colcon.colcon_core.shell:Creating prefix chain script '/home/auric/ros2_ws/TeleARM/install/setup.ps1'
[5.837s] INFO:colcon.colcon_core.shell:Creating prefix script '/home/auric/ros2_ws/TeleARM/install/local_setup.sh'
[5.840s] INFO:colcon.colcon_core.shell:Creating prefix util module '/home/auric/ros2_ws/TeleARM/install/_local_setup_util_sh.py'
[5.843s] INFO:colcon.colcon_core.shell:Creating prefix chain script '/home/auric/ros2_ws/TeleARM/install/setup.sh'
[5.848s] INFO:colcon.colcon_core.shell:Creating prefix script '/home/auric/ros2_ws/TeleARM/install/local_setup.bash'
[5.852s] INFO:colcon.colcon_core.shell:Creating prefix chain script '/home/auric/ros2_ws/TeleARM/install/setup.bash'
[5.857s] INFO:colcon.colcon_core.shell:Creating prefix script '/home/auric/ros2_ws/TeleARM/install/local_setup.zsh'
[5.861s] INFO:colcon.colcon_core.shell:Creating prefix chain script '/home/auric/ros2_ws/TeleARM/install/setup.zsh'
