[1.446s] DEBUG:colcon:Command line arguments: ['/usr/bin/colcon', 'build', '--packages-select', 'TeleARM']
[1.447s] DEBUG:colcon:Parsed command line arguments: Namespace(log_base=None, log_level=None, verb_name='build', build_base='build', install_base='install', merge_install=False, symlink_install=False, test_result_base=None, continue_on_error=False, executor='parallel', parallel_workers=16, event_handlers=None, ignore_user_meta=False, metas=['./colcon.meta'], base_paths=['.'], packages_ignore=None, packages_ignore_regex=None, paths=None, packages_up_to=None, packages_up_to_regex=None, packages_above=None, packages_above_and_dependencies=None, packages_above_depth=None, packages_select_by_dep=None, packages_skip_by_dep=None, packages_skip_up_to=None, packages_select_build_failed=False, packages_skip_build_finished=False, packages_select_test_failures=False, packages_skip_test_passed=False, packages_select=['TeleARM'], packages_skip=None, packages_select_regex=None, packages_skip_regex=None, packages_start=None, packages_end=None, allow_overriding=[], cmake_args=None, cmake_target=None, cmake_target_skip_unavailable=False, cmake_clean_cache=False, cmake_clean_first=False, cmake_force_configure=False, ament_cmake_args=None, catkin_cmake_args=None, catkin_skip_building_tests=False, mixin_files=None, mixin=None, verb_parser=<colcon_mixin.mixin.mixin_argument.MixinArgumentDecorator object at 0x72e928657b20>, verb_extension=<colcon_core.verb.build.BuildVerb object at 0x72e928657520>, main=<bound method BuildVerb.main of <colcon_core.verb.build.BuildVerb object at 0x72e928657520>>, mixin_verb=('build',))
[1.754s] Level 1:colcon.colcon_core.package_discovery:discover_packages(colcon_meta) check parameters
[1.755s] Level 1:colcon.colcon_core.package_discovery:discover_packages(recursive) check parameters
[1.756s] Level 1:colcon.colcon_core.package_discovery:discover_packages(ignore) check parameters
[1.756s] Level 1:colcon.colcon_core.package_discovery:discover_packages(path) check parameters
[1.756s] Level 1:colcon.colcon_core.package_discovery:discover_packages(colcon_meta) discover
[1.757s] Level 1:colcon.colcon_core.package_discovery:discover_packages(recursive) discover
[1.757s] INFO:colcon.colcon_core.package_discovery:Crawling recursively for packages in '/home/auric/ros2_ws/TeleARM'
[1.759s] Level 1:colcon.colcon_core.package_identification:_identify(.) by extensions ['ignore', 'ignore_ament_install']
[1.760s] Level 1:colcon.colcon_core.package_identification:_identify(.) by extension 'ignore'
[1.761s] Level 1:colcon.colcon_core.package_identification:_identify(.) by extension 'ignore_ament_install'
[1.762s] Level 1:colcon.colcon_core.package_identification:_identify(.) by extensions ['colcon_pkg']
[1.762s] Level 1:colcon.colcon_core.package_identification:_identify(.) by extension 'colcon_pkg'
[1.763s] Level 1:colcon.colcon_core.package_identification:_identify(.) by extensions ['colcon_meta']
[1.763s] Level 1:colcon.colcon_core.package_identification:_identify(.) by extension 'colcon_meta'
[1.764s] Level 1:colcon.colcon_core.package_identification:_identify(.) by extensions ['ros']
[1.764s] Level 1:colcon.colcon_core.package_identification:_identify(.) by extension 'ros'
[1.884s] DEBUG:colcon.colcon_core.package_identification:Package '.' with type 'ros.ament_cmake' and name 'TeleARM'
[1.884s] Level 1:colcon.colcon_core.package_discovery:discover_packages(recursive) using defaults
[1.885s] Level 1:colcon.colcon_core.package_discovery:discover_packages(ignore) discover
[1.885s] Level 1:colcon.colcon_core.package_discovery:discover_packages(ignore) using defaults
[1.885s] Level 1:colcon.colcon_core.package_discovery:discover_packages(path) discover
[1.885s] Level 1:colcon.colcon_core.package_discovery:discover_packages(path) using defaults
[2.042s] Level 1:colcon.colcon_core.package_discovery:discover_packages(prefix_path) check parameters
[2.042s] Level 1:colcon.colcon_core.package_discovery:discover_packages(prefix_path) discover
[2.058s] DEBUG:colcon.colcon_installed_package_information.package_discovery:Found 1 installed packages in /home/auric/ros2_ws/TeleARM/install
[2.063s] DEBUG:colcon.colcon_installed_package_information.package_discovery:Found 8 installed packages in /home/auric/ros2_ws/install
[2.080s] DEBUG:colcon.colcon_installed_package_information.package_discovery:Found 423 installed packages in /opt/ros/humble
[2.095s] Level 1:colcon.colcon_core.package_discovery:discover_packages(prefix_path) using defaults
[2.493s] Level 5:colcon.colcon_core.verb:set package 'TeleARM' build argument 'cmake_args' from command line to 'None'
[2.495s] Level 5:colcon.colcon_core.verb:set package 'TeleARM' build argument 'cmake_target' from command line to 'None'
[2.495s] Level 5:colcon.colcon_core.verb:set package 'TeleARM' build argument 'cmake_target_skip_unavailable' from command line to 'False'
[2.495s] Level 5:colcon.colcon_core.verb:set package 'TeleARM' build argument 'cmake_clean_cache' from command line to 'False'
[2.495s] Level 5:colcon.colcon_core.verb:set package 'TeleARM' build argument 'cmake_clean_first' from command line to 'False'
[2.495s] Level 5:colcon.colcon_core.verb:set package 'TeleARM' build argument 'cmake_force_configure' from command line to 'False'
[2.495s] Level 5:colcon.colcon_core.verb:set package 'TeleARM' build argument 'ament_cmake_args' from command line to 'None'
[2.496s] Level 5:colcon.colcon_core.verb:set package 'TeleARM' build argument 'catkin_cmake_args' from command line to 'None'
[2.496s] Level 5:colcon.colcon_core.verb:set package 'TeleARM' build argument 'catkin_skip_building_tests' from command line to 'False'
[2.497s] DEBUG:colcon.colcon_core.verb:Building package 'TeleARM' with the following arguments: {'ament_cmake_args': None, 'build_base': '/home/auric/ros2_ws/TeleARM/build/TeleARM', 'catkin_cmake_args': None, 'catkin_skip_building_tests': False, 'cmake_args': None, 'cmake_clean_cache': False, 'cmake_clean_first': False, 'cmake_force_configure': False, 'cmake_target': None, 'cmake_target_skip_unavailable': False, 'install_base': '/home/auric/ros2_ws/TeleARM/install/TeleARM', 'merge_install': False, 'path': '/home/auric/ros2_ws/TeleARM', 'symlink_install': False, 'test_result_base': None}
[2.498s] INFO:colcon.colcon_core.executor:Executing jobs using 'parallel' executor
[2.505s] DEBUG:colcon.colcon_parallel_executor.executor.parallel:run_until_complete
[2.507s] INFO:colcon.colcon_ros.task.ament_cmake.build:Building ROS package in '/home/auric/ros2_ws/TeleARM' with build type 'ament_cmake'
[2.509s] INFO:colcon.colcon_cmake.task.cmake.build:Building CMake package in '/home/auric/ros2_ws/TeleARM'
[2.526s] INFO:colcon.colcon_core.plugin_system:Skipping extension 'colcon_core.shell.bat': Not used on non-Windows systems
[2.528s] INFO:colcon.colcon_core.shell:Skip shell extension 'powershell' for command environment: Not usable outside of PowerShell
[2.529s] DEBUG:colcon.colcon_core.shell:Skip shell extension 'dsv' for command environment
[2.664s] DEBUG:colcon.colcon_core.event_handler.log_command:Invoking command in '/home/auric/ros2_ws/TeleARM/build/TeleARM': CMAKE_PREFIX_PATH=${CMAKE_PREFIX_PATH}:/home/auric/ros2_ws/install/urdf_tutorial_r2d2:/home/auric/ros2_ws/install/py_pubsub:/opt/ros/humble /usr/bin/cmake --build /home/auric/ros2_ws/TeleARM/build/TeleARM -- -j16 -l16
[1.960s] DEBUG:colcon.colcon_core.event_handler.log_command:Invoked command in '/home/auric/ros2_ws/TeleARM/build/TeleARM' returned '0': CMAKE_PREFIX_PATH=${CMAKE_PREFIX_PATH}:/home/auric/ros2_ws/install/urdf_tutorial_r2d2:/home/auric/ros2_ws/install/py_pubsub:/opt/ros/humble /usr/bin/cmake --build /home/auric/ros2_ws/TeleARM/build/TeleARM -- -j16 -l16
[2.048s] DEBUG:colcon.colcon_core.event_handler.log_command:Invoking command in '/home/auric/ros2_ws/TeleARM/build/TeleARM': CMAKE_PREFIX_PATH=${CMAKE_PREFIX_PATH}:/home/auric/ros2_ws/install/urdf_tutorial_r2d2:/home/auric/ros2_ws/install/py_pubsub:/opt/ros/humble /usr/bin/cmake --install /home/auric/ros2_ws/TeleARM/build/TeleARM
[2.158s] Level 1:colcon.colcon_core.environment:create_environment_scripts_only(TeleARM)
[2.184s] DEBUG:colcon.colcon_core.event_handler.log_command:Invoked command in '/home/auric/ros2_ws/TeleARM/build/TeleARM' returned '0': CMAKE_PREFIX_PATH=${CMAKE_PREFIX_PATH}:/home/auric/ros2_ws/install/urdf_tutorial_r2d2:/home/auric/ros2_ws/install/py_pubsub:/opt/ros/humble /usr/bin/cmake --install /home/auric/ros2_ws/TeleARM/build/TeleARM
[2.199s] Level 1:colcon.colcon_core.environment:checking '/home/auric/ros2_ws/TeleARM/install/TeleARM' for CMake module files
[2.206s] Level 1:colcon.colcon_core.environment:checking '/home/auric/ros2_ws/TeleARM/install/TeleARM' for CMake config files
[2.209s] Level 1:colcon.colcon_core.shell:create_environment_hook('TeleARM', 'cmake_prefix_path')
[2.211s] INFO:colcon.colcon_core.shell:Creating environment hook '/home/auric/ros2_ws/TeleARM/install/TeleARM/share/TeleARM/hook/cmake_prefix_path.ps1'
[2.216s] INFO:colcon.colcon_core.shell:Creating environment descriptor '/home/auric/ros2_ws/TeleARM/install/TeleARM/share/TeleARM/hook/cmake_prefix_path.dsv'
[2.220s] INFO:colcon.colcon_core.shell:Creating environment hook '/home/auric/ros2_ws/TeleARM/install/TeleARM/share/TeleARM/hook/cmake_prefix_path.sh'
[2.227s] Level 1:colcon.colcon_core.environment:checking '/home/auric/ros2_ws/TeleARM/install/TeleARM/lib'
[2.229s] Level 1:colcon.colcon_core.environment:checking '/home/auric/ros2_ws/TeleARM/install/TeleARM/bin'
[2.230s] Level 1:colcon.colcon_core.environment:checking '/home/auric/ros2_ws/TeleARM/install/TeleARM/lib/pkgconfig/TeleARM.pc'
[2.232s] Level 1:colcon.colcon_core.environment:checking '/home/auric/ros2_ws/TeleARM/install/TeleARM/lib/python3.10/site-packages'
[2.234s] Level 1:colcon.colcon_core.environment:checking '/home/auric/ros2_ws/TeleARM/install/TeleARM/bin'
[2.236s] INFO:colcon.colcon_core.shell:Creating package script '/home/auric/ros2_ws/TeleARM/install/TeleARM/share/TeleARM/package.ps1'
[2.246s] INFO:colcon.colcon_core.shell:Creating package descriptor '/home/auric/ros2_ws/TeleARM/install/TeleARM/share/TeleARM/package.dsv'
[2.251s] INFO:colcon.colcon_core.shell:Creating package script '/home/auric/ros2_ws/TeleARM/install/TeleARM/share/TeleARM/package.sh'
[2.257s] INFO:colcon.colcon_core.shell:Creating package script '/home/auric/ros2_ws/TeleARM/install/TeleARM/share/TeleARM/package.bash'
[2.262s] INFO:colcon.colcon_core.shell:Creating package script '/home/auric/ros2_ws/TeleARM/install/TeleARM/share/TeleARM/package.zsh'
[2.269s] Level 1:colcon.colcon_core.environment:create_file_with_runtime_dependencies(/home/auric/ros2_ws/TeleARM/install/TeleARM/share/colcon-core/packages/TeleARM)
[2.274s] Level 1:colcon.colcon_core.environment:create_environment_scripts_only(TeleARM)
[2.276s] Level 1:colcon.colcon_core.environment:checking '/home/auric/ros2_ws/TeleARM/install/TeleARM' for CMake module files
[2.280s] Level 1:colcon.colcon_core.environment:checking '/home/auric/ros2_ws/TeleARM/install/TeleARM' for CMake config files
[2.281s] Level 1:colcon.colcon_core.shell:create_environment_hook('TeleARM', 'cmake_prefix_path')
[2.284s] INFO:colcon.colcon_core.shell:Creating environment hook '/home/auric/ros2_ws/TeleARM/install/TeleARM/share/TeleARM/hook/cmake_prefix_path.ps1'
[2.288s] INFO:colcon.colcon_core.shell:Creating environment descriptor '/home/auric/ros2_ws/TeleARM/install/TeleARM/share/TeleARM/hook/cmake_prefix_path.dsv'
[2.292s] INFO:colcon.colcon_core.shell:Creating environment hook '/home/auric/ros2_ws/TeleARM/install/TeleARM/share/TeleARM/hook/cmake_prefix_path.sh'
[2.297s] Level 1:colcon.colcon_core.environment:checking '/home/auric/ros2_ws/TeleARM/install/TeleARM/lib'
[2.298s] Level 1:colcon.colcon_core.environment:checking '/home/auric/ros2_ws/TeleARM/install/TeleARM/bin'
[2.299s] Level 1:colcon.colcon_core.environment:checking '/home/auric/ros2_ws/TeleARM/install/TeleARM/lib/pkgconfig/TeleARM.pc'
[2.301s] Level 1:colcon.colcon_core.environment:checking '/home/auric/ros2_ws/TeleARM/install/TeleARM/lib/python3.10/site-packages'
[2.303s] Level 1:colcon.colcon_core.environment:checking '/home/auric/ros2_ws/TeleARM/install/TeleARM/bin'
[2.306s] INFO:colcon.colcon_core.shell:Creating package script '/home/auric/ros2_ws/TeleARM/install/TeleARM/share/TeleARM/package.ps1'
[2.313s] INFO:colcon.colcon_core.shell:Creating package descriptor '/home/auric/ros2_ws/TeleARM/install/TeleARM/share/TeleARM/package.dsv'
[2.317s] INFO:colcon.colcon_core.shell:Creating package script '/home/auric/ros2_ws/TeleARM/install/TeleARM/share/TeleARM/package.sh'
[2.321s] INFO:colcon.colcon_core.shell:Creating package script '/home/auric/ros2_ws/TeleARM/install/TeleARM/share/TeleARM/package.bash'
[2.325s] INFO:colcon.colcon_core.shell:Creating package script '/home/auric/ros2_ws/TeleARM/install/TeleARM/share/TeleARM/package.zsh'
[2.329s] Level 1:colcon.colcon_core.environment:create_file_with_runtime_dependencies(/home/auric/ros2_ws/TeleARM/install/TeleARM/share/colcon-core/packages/TeleARM)
[2.332s] DEBUG:colcon.colcon_parallel_executor.executor.parallel:closing loop
[2.337s] DEBUG:colcon.colcon_parallel_executor.executor.parallel:loop closed
[2.339s] DEBUG:colcon.colcon_parallel_executor.executor.parallel:run_until_complete finished with '0'
[2.340s] DEBUG:colcon.colcon_core.event_reactor:joining thread
[2.700s] INFO:colcon.colcon_core.plugin_system:Skipping extension 'colcon_notification.desktop_notification.notify_send': Could not find 'notify-send'
[2.701s] INFO:colcon.colcon_core.plugin_system:Skipping extension 'colcon_notification.desktop_notification.terminal_notifier': Not used on non-Darwin systems
[2.702s] INFO:colcon.colcon_core.plugin_system:Skipping extension 'colcon_notification.desktop_notification.win32': Not used on non-Windows systems
[2.703s] INFO:colcon.colcon_notification.desktop_notification:Sending desktop notification using 'notify2'
[2.704s] DEBUG:colcon.colcon_notification.desktop_notification.notify2:Failed to initialize notify2: org.freedesktop.DBus.Error.FileNotFound: Failed to connect to socket /run/user/1000/bus: No such file or directory
[2.705s] DEBUG:colcon.colcon_core.event_reactor:joined thread
[2.708s] INFO:colcon.colcon_core.shell:Creating prefix script '/home/auric/ros2_ws/TeleARM/install/local_setup.ps1'
[2.717s] INFO:colcon.colcon_core.shell:Creating prefix util module '/home/auric/ros2_ws/TeleARM/install/_local_setup_util_ps1.py'
[2.726s] INFO:colcon.colcon_core.shell:Creating prefix chain script '/home/auric/ros2_ws/TeleARM/install/setup.ps1'
[2.738s] INFO:colcon.colcon_core.shell:Creating prefix script '/home/auric/ros2_ws/TeleARM/install/local_setup.sh'
[2.745s] INFO:colcon.colcon_core.shell:Creating prefix util module '/home/auric/ros2_ws/TeleARM/install/_local_setup_util_sh.py'
[2.750s] INFO:colcon.colcon_core.shell:Creating prefix chain script '/home/auric/ros2_ws/TeleARM/install/setup.sh'
[2.761s] INFO:colcon.colcon_core.shell:Creating prefix script '/home/auric/ros2_ws/TeleARM/install/local_setup.bash'
[2.765s] INFO:colcon.colcon_core.shell:Creating prefix chain script '/home/auric/ros2_ws/TeleARM/install/setup.bash'
[2.776s] INFO:colcon.colcon_core.shell:Creating prefix script '/home/auric/ros2_ws/TeleARM/install/local_setup.zsh'
[2.781s] INFO:colcon.colcon_core.shell:Creating prefix chain script '/home/auric/ros2_ws/TeleARM/install/setup.zsh'
