[-1.937s] DEBUG:colcon:Command line arguments: ['/usr/bin/colcon', 'build', '--packages-select', 'TeleARM']
[-1.936s] DEBUG:colcon:Parsed command line arguments: Namespace(log_base=None, log_level=None, verb_name='build', build_base='build', install_base='install', merge_install=False, symlink_install=False, test_result_base=None, continue_on_error=False, executor='parallel', parallel_workers=16, event_handlers=None, ignore_user_meta=False, metas=['./colcon.meta'], base_paths=['.'], packages_ignore=None, packages_ignore_regex=None, paths=None, packages_up_to=None, packages_up_to_regex=None, packages_above=None, packages_above_and_dependencies=None, packages_above_depth=None, packages_select_by_dep=None, packages_skip_by_dep=None, packages_skip_up_to=None, packages_select_build_failed=False, packages_skip_build_finished=False, packages_select_test_failures=False, packages_skip_test_passed=False, packages_select=['TeleARM'], packages_skip=None, packages_select_regex=None, packages_skip_regex=None, packages_start=None, packages_end=None, allow_overriding=[], cmake_args=None, cmake_target=None, cmake_target_skip_unavailable=False, cmake_clean_cache=False, cmake_clean_first=False, cmake_force_configure=False, ament_cmake_args=None, catkin_cmake_args=None, catkin_skip_building_tests=False, mixin_files=None, mixin=None, verb_parser=<colcon_mixin.mixin.mixin_argument.MixinArgumentDecorator object at 0x74beeba5b5e0>, verb_extension=<colcon_core.verb.build.BuildVerb object at 0x74beeba5afe0>, main=<bound method BuildVerb.main of <colcon_core.verb.build.BuildVerb object at 0x74beeba5afe0>>, mixin_verb=('build',))
[-1.840s] Level 1:colcon.colcon_core.package_discovery:discover_packages(colcon_meta) check parameters
[-1.840s] Level 1:colcon.colcon_core.package_discovery:discover_packages(recursive) check parameters
[-1.840s] Level 1:colcon.colcon_core.package_discovery:discover_packages(ignore) check parameters
[-1.839s] Level 1:colcon.colcon_core.package_discovery:discover_packages(path) check parameters
[-1.839s] Level 1:colcon.colcon_core.package_discovery:discover_packages(colcon_meta) discover
[-1.839s] Level 1:colcon.colcon_core.package_discovery:discover_packages(recursive) discover
[-1.839s] INFO:colcon.colcon_core.package_discovery:Crawling recursively for packages in '/home/auric/ros2_ws/TeleARM'
[-1.839s] Level 1:colcon.colcon_core.package_identification:_identify(.) by extensions ['ignore', 'ignore_ament_install']
[-1.839s] Level 1:colcon.colcon_core.package_identification:_identify(.) by extension 'ignore'
[-1.839s] Level 1:colcon.colcon_core.package_identification:_identify(.) by extension 'ignore_ament_install'
[-1.839s] Level 1:colcon.colcon_core.package_identification:_identify(.) by extensions ['colcon_pkg']
[-1.838s] Level 1:colcon.colcon_core.package_identification:_identify(.) by extension 'colcon_pkg'
[-1.838s] Level 1:colcon.colcon_core.package_identification:_identify(.) by extensions ['colcon_meta']
[-1.838s] Level 1:colcon.colcon_core.package_identification:_identify(.) by extension 'colcon_meta'
[-1.838s] Level 1:colcon.colcon_core.package_identification:_identify(.) by extensions ['ros']
[-1.838s] Level 1:colcon.colcon_core.package_identification:_identify(.) by extension 'ros'
[-1.803s] DEBUG:colcon.colcon_core.package_identification:Package '.' with type 'ros.ament_cmake' and name 'TeleARM'
[-1.802s] Level 1:colcon.colcon_core.package_discovery:discover_packages(recursive) using defaults
[-1.802s] Level 1:colcon.colcon_core.package_discovery:discover_packages(ignore) discover
[-1.802s] Level 1:colcon.colcon_core.package_discovery:discover_packages(ignore) using defaults
[-1.802s] Level 1:colcon.colcon_core.package_discovery:discover_packages(path) discover
[-1.802s] Level 1:colcon.colcon_core.package_discovery:discover_packages(path) using defaults
[-1.761s] Level 1:colcon.colcon_core.package_discovery:discover_packages(prefix_path) check parameters
[-1.760s] Level 1:colcon.colcon_core.package_discovery:discover_packages(prefix_path) discover
[-1.750s] DEBUG:colcon.colcon_installed_package_information.package_discovery:Found 425 installed packages in /opt/ros/humble
[-1.748s] Level 1:colcon.colcon_core.package_discovery:discover_packages(prefix_path) using defaults
[-1.694s] Level 5:colcon.colcon_core.verb:set package 'TeleARM' build argument 'cmake_args' from command line to 'None'
[-1.694s] Level 5:colcon.colcon_core.verb:set package 'TeleARM' build argument 'cmake_target' from command line to 'None'
[-1.694s] Level 5:colcon.colcon_core.verb:set package 'TeleARM' build argument 'cmake_target_skip_unavailable' from command line to 'False'
[-1.694s] Level 5:colcon.colcon_core.verb:set package 'TeleARM' build argument 'cmake_clean_cache' from command line to 'False'
[-1.694s] Level 5:colcon.colcon_core.verb:set package 'TeleARM' build argument 'cmake_clean_first' from command line to 'False'
[-1.694s] Level 5:colcon.colcon_core.verb:set package 'TeleARM' build argument 'cmake_force_configure' from command line to 'False'
[-1.694s] Level 5:colcon.colcon_core.verb:set package 'TeleARM' build argument 'ament_cmake_args' from command line to 'None'
[-1.694s] Level 5:colcon.colcon_core.verb:set package 'TeleARM' build argument 'catkin_cmake_args' from command line to 'None'
[-1.694s] Level 5:colcon.colcon_core.verb:set package 'TeleARM' build argument 'catkin_skip_building_tests' from command line to 'False'
[-1.694s] DEBUG:colcon.colcon_core.verb:Building package 'TeleARM' with the following arguments: {'ament_cmake_args': None, 'build_base': '/home/auric/ros2_ws/TeleARM/build/TeleARM', 'catkin_cmake_args': None, 'catkin_skip_building_tests': False, 'cmake_args': None, 'cmake_clean_cache': False, 'cmake_clean_first': False, 'cmake_force_configure': False, 'cmake_target': None, 'cmake_target_skip_unavailable': False, 'install_base': '/home/auric/ros2_ws/TeleARM/install/TeleARM', 'merge_install': False, 'path': '/home/auric/ros2_ws/TeleARM', 'symlink_install': False, 'test_result_base': None}
[-1.694s] INFO:colcon.colcon_core.executor:Executing jobs using 'parallel' executor
[-1.692s] DEBUG:colcon.colcon_parallel_executor.executor.parallel:run_until_complete
[-1.691s] INFO:colcon.colcon_ros.task.ament_cmake.build:Building ROS package in '/home/auric/ros2_ws/TeleARM' with build type 'ament_cmake'
[-1.691s] INFO:colcon.colcon_cmake.task.cmake.build:Building CMake package in '/home/auric/ros2_ws/TeleARM'
[-1.683s] INFO:colcon.colcon_core.plugin_system:Skipping extension 'colcon_core.shell.bat': Not used on non-Windows systems
[-1.682s] INFO:colcon.colcon_core.shell:Skip shell extension 'powershell' for command environment: Not usable outside of PowerShell
[-1.682s] DEBUG:colcon.colcon_core.shell:Skip shell extension 'dsv' for command environment
[-1.639s] DEBUG:colcon.colcon_core.event_handler.log_command:Invoking command in '/home/auric/ros2_ws/TeleARM/build/TeleARM': CMAKE_PREFIX_PATH=/opt/ros/humble /usr/bin/cmake --build /home/auric/ros2_ws/TeleARM/build/TeleARM -- -j16 -l16
[-1.513s] DEBUG:colcon.colcon_core.event_handler.log_command:Invoked command in '/home/auric/ros2_ws/TeleARM/build/TeleARM' returned '0': CMAKE_PREFIX_PATH=/opt/ros/humble /usr/bin/cmake --build /home/auric/ros2_ws/TeleARM/build/TeleARM -- -j16 -l16
[-1.495s] DEBUG:colcon.colcon_core.event_handler.log_command:Invoking command in '/home/auric/ros2_ws/TeleARM/build/TeleARM': CMAKE_PREFIX_PATH=/opt/ros/humble /usr/bin/cmake --install /home/auric/ros2_ws/TeleARM/build/TeleARM
[-1.473s] Level 1:colcon.colcon_core.environment:create_environment_scripts_only(TeleARM)
[-1.472s] DEBUG:colcon.colcon_core.event_handler.log_command:Invoked command in '/home/auric/ros2_ws/TeleARM/build/TeleARM' returned '0': CMAKE_PREFIX_PATH=/opt/ros/humble /usr/bin/cmake --install /home/auric/ros2_ws/TeleARM/build/TeleARM
[-1.462s] Level 1:colcon.colcon_core.environment:checking '/home/auric/ros2_ws/TeleARM/install/TeleARM' for CMake module files
[-1.462s] Level 1:colcon.colcon_core.environment:checking '/home/auric/ros2_ws/TeleARM/install/TeleARM' for CMake config files
[-1.461s] Level 1:colcon.colcon_core.shell:create_environment_hook('TeleARM', 'cmake_prefix_path')
[-1.461s] INFO:colcon.colcon_core.shell:Creating environment hook '/home/auric/ros2_ws/TeleARM/install/TeleARM/share/TeleARM/hook/cmake_prefix_path.ps1'
[-1.459s] INFO:colcon.colcon_core.shell:Creating environment descriptor '/home/auric/ros2_ws/TeleARM/install/TeleARM/share/TeleARM/hook/cmake_prefix_path.dsv'
[-1.458s] INFO:colcon.colcon_core.shell:Creating environment hook '/home/auric/ros2_ws/TeleARM/install/TeleARM/share/TeleARM/hook/cmake_prefix_path.sh'
[-1.456s] Level 1:colcon.colcon_core.environment:checking '/home/auric/ros2_ws/TeleARM/install/TeleARM/lib'
[-1.456s] Level 1:colcon.colcon_core.environment:checking '/home/auric/ros2_ws/TeleARM/install/TeleARM/bin'
[-1.455s] Level 1:colcon.colcon_core.environment:checking '/home/auric/ros2_ws/TeleARM/install/TeleARM/lib/pkgconfig/TeleARM.pc'
[-1.454s] Level 1:colcon.colcon_core.environment:checking '/home/auric/ros2_ws/TeleARM/install/TeleARM/lib/python3.10/site-packages'
[-1.454s] Level 1:colcon.colcon_core.environment:checking '/home/auric/ros2_ws/TeleARM/install/TeleARM/bin'
[-1.453s] INFO:colcon.colcon_core.shell:Creating package script '/home/auric/ros2_ws/TeleARM/install/TeleARM/share/TeleARM/package.ps1'
[-1.450s] INFO:colcon.colcon_core.shell:Creating package descriptor '/home/auric/ros2_ws/TeleARM/install/TeleARM/share/TeleARM/package.dsv'
[-1.449s] INFO:colcon.colcon_core.shell:Creating package script '/home/auric/ros2_ws/TeleARM/install/TeleARM/share/TeleARM/package.sh'
[-1.448s] INFO:colcon.colcon_core.shell:Creating package script '/home/auric/ros2_ws/TeleARM/install/TeleARM/share/TeleARM/package.bash'
[-1.447s] INFO:colcon.colcon_core.shell:Creating package script '/home/auric/ros2_ws/TeleARM/install/TeleARM/share/TeleARM/package.zsh'
[-1.445s] Level 1:colcon.colcon_core.environment:create_file_with_runtime_dependencies(/home/auric/ros2_ws/TeleARM/install/TeleARM/share/colcon-core/packages/TeleARM)
[-1.444s] Level 1:colcon.colcon_core.environment:create_environment_scripts_only(TeleARM)
[-1.444s] Level 1:colcon.colcon_core.environment:checking '/home/auric/ros2_ws/TeleARM/install/TeleARM' for CMake module files
[-1.444s] Level 1:colcon.colcon_core.environment:checking '/home/auric/ros2_ws/TeleARM/install/TeleARM' for CMake config files
[-1.443s] Level 1:colcon.colcon_core.shell:create_environment_hook('TeleARM', 'cmake_prefix_path')
[-1.443s] INFO:colcon.colcon_core.shell:Creating environment hook '/home/auric/ros2_ws/TeleARM/install/TeleARM/share/TeleARM/hook/cmake_prefix_path.ps1'
[-1.443s] INFO:colcon.colcon_core.shell:Creating environment descriptor '/home/auric/ros2_ws/TeleARM/install/TeleARM/share/TeleARM/hook/cmake_prefix_path.dsv'
[-1.442s] INFO:colcon.colcon_core.shell:Creating environment hook '/home/auric/ros2_ws/TeleARM/install/TeleARM/share/TeleARM/hook/cmake_prefix_path.sh'
[-1.442s] Level 1:colcon.colcon_core.environment:checking '/home/auric/ros2_ws/TeleARM/install/TeleARM/lib'
[-1.441s] Level 1:colcon.colcon_core.environment:checking '/home/auric/ros2_ws/TeleARM/install/TeleARM/bin'
[-1.441s] Level 1:colcon.colcon_core.environment:checking '/home/auric/ros2_ws/TeleARM/install/TeleARM/lib/pkgconfig/TeleARM.pc'
[-1.441s] Level 1:colcon.colcon_core.environment:checking '/home/auric/ros2_ws/TeleARM/install/TeleARM/lib/python3.10/site-packages'
[-1.441s] Level 1:colcon.colcon_core.environment:checking '/home/auric/ros2_ws/TeleARM/install/TeleARM/bin'
[-1.440s] INFO:colcon.colcon_core.shell:Creating package script '/home/auric/ros2_ws/TeleARM/install/TeleARM/share/TeleARM/package.ps1'
[-1.440s] INFO:colcon.colcon_core.shell:Creating package descriptor '/home/auric/ros2_ws/TeleARM/install/TeleARM/share/TeleARM/package.dsv'
[-1.439s] INFO:colcon.colcon_core.shell:Creating package script '/home/auric/ros2_ws/TeleARM/install/TeleARM/share/TeleARM/package.sh'
[-1.439s] INFO:colcon.colcon_core.shell:Creating package script '/home/auric/ros2_ws/TeleARM/install/TeleARM/share/TeleARM/package.bash'
[-1.438s] INFO:colcon.colcon_core.shell:Creating package script '/home/auric/ros2_ws/TeleARM/install/TeleARM/share/TeleARM/package.zsh'
[-1.438s] Level 1:colcon.colcon_core.environment:create_file_with_runtime_dependencies(/home/auric/ros2_ws/TeleARM/install/TeleARM/share/colcon-core/packages/TeleARM)
[-1.437s] DEBUG:colcon.colcon_parallel_executor.executor.parallel:closing loop
[-1.437s] DEBUG:colcon.colcon_parallel_executor.executor.parallel:loop closed
[-1.437s] DEBUG:colcon.colcon_parallel_executor.executor.parallel:run_until_complete finished with '0'
[-1.436s] DEBUG:colcon.colcon_core.event_reactor:joining thread
[-1.381s] INFO:colcon.colcon_core.plugin_system:Skipping extension 'colcon_notification.desktop_notification.notify_send': Could not find 'notify-send'
[-1.381s] INFO:colcon.colcon_core.plugin_system:Skipping extension 'colcon_notification.desktop_notification.terminal_notifier': Not used on non-Darwin systems
[-1.381s] INFO:colcon.colcon_core.plugin_system:Skipping extension 'colcon_notification.desktop_notification.win32': Not used on non-Windows systems
[-1.380s] INFO:colcon.colcon_notification.desktop_notification:Sending desktop notification using 'notify2'
[-1.380s] DEBUG:colcon.colcon_notification.desktop_notification.notify2:Failed to initialize notify2: org.freedesktop.DBus.Error.FileNotFound: Failed to connect to socket /run/user/1000/bus: No such file or directory
[-1.380s] DEBUG:colcon.colcon_core.event_reactor:joined thread
[-1.379s] INFO:colcon.colcon_core.shell:Creating prefix script '/home/auric/ros2_ws/TeleARM/install/local_setup.ps1'
[-1.377s] INFO:colcon.colcon_core.shell:Creating prefix util module '/home/auric/ros2_ws/TeleARM/install/_local_setup_util_ps1.py'
[-1.376s] INFO:colcon.colcon_core.shell:Creating prefix chain script '/home/auric/ros2_ws/TeleARM/install/setup.ps1'
[-1.375s] INFO:colcon.colcon_core.shell:Creating prefix script '/home/auric/ros2_ws/TeleARM/install/local_setup.sh'
[-1.374s] INFO:colcon.colcon_core.shell:Creating prefix util module '/home/auric/ros2_ws/TeleARM/install/_local_setup_util_sh.py'
[-1.373s] INFO:colcon.colcon_core.shell:Creating prefix chain script '/home/auric/ros2_ws/TeleARM/install/setup.sh'
[-1.372s] INFO:colcon.colcon_core.shell:Creating prefix script '/home/auric/ros2_ws/TeleARM/install/local_setup.bash'
[-1.371s] INFO:colcon.colcon_core.shell:Creating prefix chain script '/home/auric/ros2_ws/TeleARM/install/setup.bash'
[-1.370s] INFO:colcon.colcon_core.shell:Creating prefix script '/home/auric/ros2_ws/TeleARM/install/local_setup.zsh'
[-1.369s] INFO:colcon.colcon_core.shell:Creating prefix chain script '/home/auric/ros2_ws/TeleARM/install/setup.zsh'
