-- The C compiler identification is GNU 11.4.0
-- The CXX compiler identification is GNU 11.4.0
-- Detecting C compiler ABI info
-- Detecting C compiler ABI info - done
-- Check for working C compiler: /usr/lib/ccache/cc - skipped
-- Detecting C compile features
-- Detecting C compile features - done
-- Detecting CXX compiler ABI info
-- Detecting CXX compiler ABI info - done
-- Check for working CXX compiler: /usr/lib/ccache/c++ - skipped
-- Detecting CXX compile features
-- Detecting CXX compile features - done
-- Found ament_cmake: 1.3.14 (/opt/ros/humble/share/ament_cmake/cmake)
-- Found Python3: /usr/bin/python3 (found version "3.10.12") found components: Interpreter 
-- Found ament_lint_auto: 0.12.15 (/opt/ros/humble/share/ament_lint_auto/cmake)
WARNING: Package name "TeleARM" does not follow the naming conventions. It should start with a lower case letter and only contain lower case letters, digits, underscores, and dashes.
-- Added test 'cppcheck' to perform static code analysis on C / C++ code
-- Configured cppcheck include dirs: 
-- Configured cppcheck exclude dirs and/or files: 
-- Added test 'flake8' to check Python code syntax and style conventions
-- Added test 'lint_cmake' to check CMake code style
-- Added test 'pep257' to check Python code against some of the docstring style conventions in PEP 257
-- Added test 'uncrustify' to check C / C++ code style
-- Configured uncrustify additional arguments: 
-- Added test 'xmllint' to check XML markup files
-- Configuring done
-- Generating done
-- Build files have been written to: /home/auric/ros2_ws/TeleARM/build/TeleARM
-- Install configuration: ""
-- Installing: /home/auric/ros2_ws/TeleARM/install/TeleARM/share/TeleARM/launch
-- Installing: /home/auric/ros2_ws/TeleARM/install/TeleARM/share/TeleARM/launch/online_async_launch.py
-- Installing: /home/auric/ros2_ws/TeleARM/install/TeleARM/share/TeleARM/launch/gazebo.launch.py
-- Installing: /home/auric/ros2_ws/TeleARM/install/TeleARM/share/TeleARM/launch/mapper_params_online_async.yaml
-- Installing: /home/auric/ros2_ws/TeleARM/install/TeleARM/share/TeleARM/launch/navigation.launch.py
-- Installing: /home/auric/ros2_ws/TeleARM/install/TeleARM/share/TeleARM/launch/__pycache__
-- Installing: /home/auric/ros2_ws/TeleARM/install/TeleARM/share/TeleARM/launch/__pycache__/gazebo.launch.cpython-310.pyc
-- Installing: /home/auric/ros2_ws/TeleARM/install/TeleARM/share/TeleARM/urdf
-- Installing: /home/auric/ros2_ws/TeleARM/install/TeleARM/share/TeleARM/urdf/telearm.urdf.xacro
-- Installing: /home/auric/ros2_ws/TeleARM/install/TeleARM/share/TeleARM/config
-- Installing: /home/auric/ros2_ws/TeleARM/install/TeleARM/share/TeleARM/config/slam_config.rviz
-- Installing: /home/auric/ros2_ws/TeleARM/install/TeleARM/share/TeleARM/config/diff_drive_controller.yaml
-- Installing: /home/auric/ros2_ws/TeleARM/install/TeleARM/share/TeleARM/config/slam.rviz
-- Installing: /home/auric/ros2_ws/TeleARM/install/TeleARM/share/TeleARM/config/nav2_params.yaml
-- Installing: /home/auric/ros2_ws/TeleARM/install/TeleARM/share/TeleARM/meshes
-- Installing: /home/auric/ros2_ws/TeleARM/install/TeleARM/share/TeleARM/meshes/body.STL
-- Installing: /home/auric/ros2_ws/TeleARM/install/TeleARM/share/TeleARM/meshes/window.STL
-- Installing: /home/auric/ros2_ws/TeleARM/install/TeleARM/share/TeleARM/meshes/.gitkeep
-- Installing: /home/auric/ros2_ws/TeleARM/install/TeleARM/share/TeleARM/meshes/wheel.STL
-- Installing: /home/auric/ros2_ws/TeleARM/install/TeleARM/share/TeleARM/worlds
-- Installing: /home/auric/ros2_ws/TeleARM/install/TeleARM/share/TeleARM/worlds/storage_warehouse.world
-- Installing: /home/auric/ros2_ws/TeleARM/install/TeleARM/lib/TeleARM/diff_drive_publisher.py
-- Installing: /home/auric/ros2_ws/TeleARM/install/TeleARM/lib/TeleARM/cleanup_controller.py
-- Installing: /home/auric/ros2_ws/TeleARM/install/TeleARM/lib/TeleARM/cmd_vel_relay.py
-- Installing: /home/auric/ros2_ws/TeleARM/install/TeleARM/share/ament_index/resource_index/package_run_dependencies/TeleARM
-- Installing: /home/auric/ros2_ws/TeleARM/install/TeleARM/share/ament_index/resource_index/parent_prefix_path/TeleARM
-- Installing: /home/auric/ros2_ws/TeleARM/install/TeleARM/share/TeleARM/environment/ament_prefix_path.sh
-- Installing: /home/auric/ros2_ws/TeleARM/install/TeleARM/share/TeleARM/environment/ament_prefix_path.dsv
-- Installing: /home/auric/ros2_ws/TeleARM/install/TeleARM/share/TeleARM/environment/path.sh
-- Installing: /home/auric/ros2_ws/TeleARM/install/TeleARM/share/TeleARM/environment/path.dsv
-- Installing: /home/auric/ros2_ws/TeleARM/install/TeleARM/share/TeleARM/local_setup.bash
-- Installing: /home/auric/ros2_ws/TeleARM/install/TeleARM/share/TeleARM/local_setup.sh
-- Installing: /home/auric/ros2_ws/TeleARM/install/TeleARM/share/TeleARM/local_setup.zsh
-- Installing: /home/auric/ros2_ws/TeleARM/install/TeleARM/share/TeleARM/local_setup.dsv
-- Installing: /home/auric/ros2_ws/TeleARM/install/TeleARM/share/TeleARM/package.dsv
-- Installing: /home/auric/ros2_ws/TeleARM/install/TeleARM/share/ament_index/resource_index/packages/TeleARM
-- Installing: /home/auric/ros2_ws/TeleARM/install/TeleARM/share/TeleARM/cmake/TeleARMConfig.cmake
-- Installing: /home/auric/ros2_ws/TeleARM/install/TeleARM/share/TeleARM/cmake/TeleARMConfig-version.cmake
-- Installing: /home/auric/ros2_ws/TeleARM/install/TeleARM/share/TeleARM/package.xml
